Copyright 1986-2018 Xilinx, Inc. All Rights Reserved.
----------------------------------------------------------------------------------------
| Tool Version : Vivado v.2018.2 (win64) Build 2258646 Thu Jun 14 20:03:12 MDT 2018
| Date         : Tue Mar 19 16:12:27 2024
| Host         : Hafiz running 64-bit major release  (build 9200)
| Command      : report_control_sets -verbose -file Top_Student_control_sets_placed.rpt
| Design       : Top_Student
| Device       : xc7a35t
----------------------------------------------------------------------------------------

Control Set Information

Table of Contents
-----------------
1. Summary
2. Histogram
3. Flip-Flop Distribution
4. Detailed Control Set Information

1. Summary
----------

+----------------------------------------------------------+-------+
|                          Status                          | Count |
+----------------------------------------------------------+-------+
| Number of unique control sets                            |    91 |
| Unused register locations in slices containing registers |   194 |
+----------------------------------------------------------+-------+


2. Histogram
------------

+--------+--------------+
| Fanout | Control Sets |
+--------+--------------+
|      2 |            5 |
|      6 |            2 |
|      8 |           10 |
|     10 |            4 |
|     12 |            3 |
|     14 |            8 |
|    16+ |           59 |
+--------+--------------+


3. Flip-Flop Distribution
-------------------------

+--------------+-----------------------+------------------------+-----------------+--------------+
| Clock Enable | Synchronous Set/Reset | Asynchronous Set/Reset | Total Registers | Total Slices |
+--------------+-----------------------+------------------------+-----------------+--------------+
| No           | No                    | No                     |             396 |          112 |
| No           | No                    | Yes                    |            2322 |          323 |
| No           | Yes                   | No                     |             358 |           54 |
| Yes          | No                    | No                     |             198 |           40 |
| Yes          | No                    | Yes                    |             152 |           20 |
| Yes          | Yes                   | No                     |            1124 |          199 |
+--------------+-----------------------+------------------------+-----------------+--------------+


4. Detailed Control Set Information
-----------------------------------

+-------------------------------------------+-------------------------------------------------------+------------------------------------------------------+------------------+----------------+
|                Clock Signal               |                     Enable Signal                     |                   Set/Reset Signal                   | Slice Load Count | Bel Load Count |
+-------------------------------------------+-------------------------------------------------------+------------------------------------------------------+------------------+----------------+
|  clk_IBUF_BUFG                            | dp0_out                                               | dp2_out                                              |                1 |              2 |
| ~clk_6p25m_BUFG                           |                                                       |                                                      |                1 |              2 |
|  clk_IBUF_BUFG                            | down_pushbutton_debounced6_out                        |                                                      |                1 |              2 |
|  clk_IBUF_BUFG                            | button_pressed9_out                                   |                                                      |                1 |              2 |
|  clk_IBUF_BUFG                            | sw_IBUF[0]                                            |                                                      |                1 |              2 |
| ~mouse/state_choice_reg[0]                |                                                       |                                                      |                2 |              6 |
|  clk_25                                   |                                                       | paint_app/nn_inst/nn_rst                             |                3 |              6 |
|  paint_app/clk_s                          |                                                       |                                                      |                2 |              8 |
|  clk_25                                   | paint_app/nn_inst/nn1/digit[3]_i_1_n_0                | paint_app/nn_inst/nn_algo_rst                        |                1 |              8 |
|  clk_100m_BUFG                            |                                                       | mouse/Inst_Ps2Interface/clk_inter0                   |                1 |              8 |
|  clk_100m_BUFG                            |                                                       | mouse/Inst_Ps2Interface/data_inter0                  |                1 |              8 |
|  clk_IBUF_BUFG                            | selecting/debouncerR/E[0]                             |                                                      |                2 |              8 |
|  clk_IBUF_BUFG                            |                                                       | clock_display/counter[3]_i_1_n_0                     |                1 |              8 |
|  clk_25                                   | paint_app/nn_inst/nn1/FSM_sequential_state[1]_i_1_n_0 | paint_app/nn_inst/nn_algo_rst                        |                3 |              8 |
|  clk_IBUF_BUFG                            | debounceC/E[0]                                        |                                                      |                3 |              8 |
|  clk_100m_BUFG                            | mouse/Inst_Ps2Interface/shift_frame                   | mouse/Inst_Ps2Interface/reset_bit_count              |                2 |              8 |
|  clk_IBUF_BUFG                            | an[3]_i_2_n_0                                         | an[3]_i_1_n_0                                        |                1 |              8 |
|  paint_app/colour_chooser_reg[15]_i_2_n_0 |                                                       |                                                      |                2 |             10 |
|  clk_IBUF_BUFG                            | vertical[5]_i_2_n_0                                   | vertical[5]_i_1_n_0                                  |                3 |             10 |
|  clk_IBUF_BUFG                            | display/oled_data_reg[4]_0[0]                         |                                                      |                4 |             10 |
|  clk_IBUF_BUFG                            |                                                       | state[1]_i_1__1_n_0                                  |                3 |             10 |
|  clk_IBUF_BUFG                            | curr_len_vertical                                     |                                                      |                4 |             12 |
|  clk_IBUF_BUFG                            | curr_len_horizontal[5]_i_1_n_0                        |                                                      |                2 |             12 |
|  clk_25                                   | paint_app/nn_inst/nn1/i[5]_i_1_n_0                    | paint_app/nn_inst/nn_algo_rst                        |                2 |             12 |
|  clk_100m_BUFG                            | mouse/Inst_Ps2Interface/delay_63clk_count[6]_i_2_n_0  | mouse/Inst_Ps2Interface/delay_63clk_count[6]_i_1_n_0 |                2 |             14 |
|  clk_6p25m_BUFG                           |                                                       |                                                      |                4 |             14 |
|  clk_100m_BUFG                            | mouse/Inst_Ps2Interface/err_reg_0                     |                                                      |                2 |             14 |
|  clk_100m_BUFG                            | mouse/Inst_Ps2Interface/right_down_reg                | reset_IBUF                                           |                2 |             14 |
|  clk_25                                   | paint_app/nn_inst/nn1/next_out_valid                  | paint_app/nn_inst/nn_algo_rst                        |                3 |             14 |
|  clk_IBUF_BUFG                            | horizontal[6]_i_1_n_0                                 |                                                      |                3 |             14 |
|  clk_IBUF_BUFG                            | seg[6]_i_1_n_0                                        |                                                      |                3 |             14 |
|  clk_25                                   | paint_app/nn_inst/nn1/addr_inter0                     | paint_app/nn_inst/nn_algo_rst                        |                5 |             14 |
|  clk_100m_BUFG                            | mouse/Inst_Ps2Interface/load_rx_data                  |                                                      |                2 |             16 |
|  clk_100m_BUFG                            | mouse/tx_data[7]_i_1_n_0                              |                                                      |                3 |             16 |
|  clk_100m_BUFG                            | mouse/Inst_Ps2Interface/E[0]                          | reset_IBUF                                           |                1 |             16 |
|  clk_100m_BUFG                            | mouse/Inst_Ps2Interface/y_inc_reg[0][0]               | reset_IBUF                                           |                3 |             16 |
|  clk_6p25m_BUFG                           |                                                       | paint_app/h_cnt[9]_i_1_n_0                           |                4 |             20 |
|  clk_25                                   | paint_app/nn_inst/nn1/addr_img0                       | paint_app/nn_inst/nn_algo_rst                        |                5 |             20 |
|  clk_25                                   | paint_app/nn_inst/nn1/j[9]_i_1_n_0                    | paint_app/nn_inst/nn_algo_rst                        |                4 |             20 |
|  clk_100m_BUFG                            | mouse/Inst_Ps2Interface/frame[9]_i_1_n_0              |                                                      |                2 |             20 |
|  clk_25                                   | paint_app/nn_inst/nn1/digit_valid                     | paint_app/nn_inst/nn_rst                             |                2 |             20 |
|  clk_100m_BUFG                            | mouse/Inst_Ps2Interface/delay_20us_count[10]_i_2_n_0  | mouse/Inst_Ps2Interface/delay_20us_count[10]_i_1_n_0 |                3 |             22 |
|  clk_25                                   | paint_app/nn_inst/imgw_valid_i_1_n_0                  | paint_app/nn_inst/nn_rst                             |                4 |             22 |
|  clk_100m_BUFG                            | mouse/y_new_reg_n_0                                   |                                                      |                3 |             24 |
|  clk_100m_BUFG                            | mouse/x_new_reg_n_0                                   |                                                      |                4 |             24 |
|  clk_IBUF_BUFG                            | debounce_counter                                      | debounce_counter[0]_i_1_n_0                          |                4 |             28 |
|  clk_100m_BUFG                            | mouse/Inst_Ps2Interface/delay_100us_count[0]_i_2_n_0  | mouse/Inst_Ps2Interface/clear                        |                4 |             28 |
|  clk_100m_BUFG                            |                                                       | paint_app/nn_inst/nn_rst_i_1_n_0                     |                6 |             30 |
|  clk_100m_BUFG                            |                                                       | paint_app/mouse_reset                                |                8 |             32 |
|  clk_25                                   | paint_app/nn_inst/nn1/addr_const[15]_i_1_n_0          | paint_app/nn_inst/nn_algo_rst                        |               11 |             32 |
| ~clk_6p25m_BUFG                           |                                                       | reset_IBUF                                           |                3 |             34 |
|  clk_IBUF_BUFG                            | sw_IBUF[4]                                            | clk_divider[16]_i_1_n_0                              |                5 |             34 |
|  mouse/led_OBUF[2]                        |                                                       |                                                      |               10 |             36 |
| ~clk_6p25m_BUFG                           | display/delay[0]_i_1_n_0                              | reset_IBUF                                           |                5 |             40 |
|  clk_100m_BUFG                            |                                                       | mouse/reset_timeout_cnt_reg_n_0                      |                5 |             48 |
|  clk_IBUF_BUFG                            |                                                       | paint_clock3/slow_clk_0                              |                7 |             50 |
|  clk_IBUF_BUFG                            | forward_counter                                       | backward_counter[25]_i_1_n_0                         |                8 |             52 |
|  clk_100m_BUFG                            |                                                       | mouse/reset_periodic_check_cnt__0                    |                6 |             52 |
|  clk_IBUF_BUFG                            | forward_counter                                       | forward_counter[28]_i_1_n_0                          |                8 |             58 |
|  clk_IBUF_BUFG                            | horizontal_count[28]_i_2_n_0                          | horizontal_count[28]_i_1_n_0                         |                8 |             58 |
|  clk_IBUF_BUFG                            | vertical_count                                        | vertical_count[28]_i_1_n_0                           |                8 |             58 |
|  clk_IBUF_BUFG                            | debounceC/btnReady1                                   | debounceC/count[0]_i_1__2_n_0                        |                8 |             64 |
|  clk_IBUF_BUFG                            | selecting/debouncerR/btnReady1                        | selecting/debouncerR/count[0]_i_1__1_n_0             |                8 |             64 |
| ~clk_6p25m_BUFG                           | display/state                                         | reset_IBUF                                           |                8 |             64 |
|  clk_IBUF_BUFG                            | selecting/debouncerL/btnReady1                        | selecting/debouncerL/count[0]_i_1__0_n_0             |                8 |             64 |
|  clk_IBUF_BUFG                            | counter[31]_i_1_n_0                                   | state[1]_i_1__1_n_0                                  |                8 |             64 |
|  clk_100m_BUFG                            | paint_app/nn_inst/nn_rst_i_1_n_0                      | paint_app/nn_inst/rst_counter                        |                8 |             64 |
|  clk_100m_BUFG                            | paint_app/nn_inst/ct_inst/nextDY                      | paint_app/mouse_reset                                |                8 |             64 |
|  clk_IBUF_BUFG                            | sw_IBUF[0]                                            | clear                                                |                8 |             64 |
|  clk_25                                   |                                                       |                                                      |               25 |             66 |
|  clk_IBUF_BUFG                            |                                                       |                                                      |               20 |             68 |
| ~clk_6p25m_BUFG                           |                                                       | display/spi_word[39]_i_1_n_0                         |               17 |             90 |
|  clk_100m_BUFG                            |                                                       | reset_IBUF                                           |               22 |            118 |
|  clockMouse                               |                                                       | mouse/pixel_data_reg[193][0]                         |               16 |            128 |
|  clockMouse                               |                                                       | mouse/pixel_data_reg[129][1]                         |               15 |            128 |
|  clk_25                                   | paint_app/nn_inst/nn1/val_out[63]_i_1_n_0             | paint_app/nn_inst/nn_algo_rst                        |               47 |            128 |
|  clockMouse                               |                                                       | mouse/led_OBUF[0]                                    |               15 |            128 |
|  clockMouse                               |                                                       | mouse/pixel_data_reg[65][2]                          |               21 |            128 |
|  clockMouse                               |                                                       | mouse/pixel_data_reg[193][2]                         |               17 |            128 |
|  clockMouse                               |                                                       | mouse/pixel_data_reg[1][0]                           |               17 |            128 |
|  clockMouse                               |                                                       | mouse/pixel_data_reg[65][1]                          |               18 |            128 |
|  clockMouse                               |                                                       | mouse/pixel_data_reg[257][1]                         |               16 |            128 |
|  clockMouse                               |                                                       | mouse/pixel_data_reg[65][0]                          |               18 |            128 |
|  clockMouse                               |                                                       | mouse/pixel_data_reg[129][0]                         |               21 |            128 |
|  clockMouse                               |                                                       | mouse/pixel_data_reg[1][1]                           |               22 |            128 |
|  clockMouse                               |                                                       | mouse/pixel_data_reg[129][2]                         |               16 |            128 |
|  clockMouse                               |                                                       | mouse/pixel_data_reg[193][1]                         |               13 |            128 |
|  clockMouse                               |                                                       | mouse/pixel_data_reg[257][0]                         |               15 |            128 |
|  clockMouse                               |                                                       | mouse/pixel_data_reg[1][2]                           |               19 |            128 |
|  clk_100m_BUFG                            |                                                       |                                                      |               46 |            186 |
|  clockMouse                               |                                                       | mouse/right                                          |               31 |            246 |
+-------------------------------------------+-------------------------------------------------------+------------------------------------------------------+------------------+----------------+


